{"HostConfigHash":"a60a3b3","CardHash":"15d044e","Error":"Parsing card failed"}