{"HostConfigHash":"a60a3b3","CardHash":"b6cee2b","Error":null}