{"HostConfigHash":"ba6a932","CardHash":"3170bf4","Error":null}