{"HostConfigHash":"e67bfb1","CardHash":"8d9f2c6","Error":null}