{"HostConfigHash":"e67bfb1","CardHash":"3170bf4","Error":null}