{"HostConfigHash":"0429fa9","CardHash":"d1c4705","Error":null}