{"HostConfigHash":"0429fa9","CardHash":"58d8447","Error":null}