{"HostConfigHash":"0429fa9","CardHash":"3c58b35","Error":null}