{"HostConfigHash":"0429fa9","CardHash":"396a329","Error":null}