{"HostConfigHash":"356db29","CardHash":"15d044e","Error":"Parsing card failed"}