{"HostConfigHash":"356db29","CardHash":"0f8e266","Error":null}