{"HostConfigHash":"356db29","CardHash":"f88eadd","Error":null}