{"HostConfigHash":"c55abdf","CardHash":"ad6bd2b","Error":null}