{"HostConfigHash":"c55abdf","CardHash":"7e0c97e","Error":null}