{"HostConfigHash":"c55abdf","CardHash":"0af416a","Error":null}