{"HostConfigHash":"c55abdf","CardHash":"620e3f5","Error":null}