{"HostConfigHash":"c55abdf","CardHash":"c7fb908","Error":null}