{"HostConfigHash":"4307737","CardHash":"5c40f04","Error":null}