{"HostConfigHash":"c55abdf","CardHash":"05307db","Error":null}