{"HostConfigHash":"4307737","CardHash":"3170bf4","Error":null}