{"HostConfigHash":"c55abdf","CardHash":"9b23448","Error":null}