{"HostConfigHash":"c55abdf","CardHash":"cb2187d","Error":null}