{"HostConfigHash":"c55abdf","CardHash":"869d87c","Error":null}