{"HostConfigHash":"c55abdf","CardHash":"d990175","Error":null}