{"HostConfigHash":"c55abdf","CardHash":"a942a42","Error":null}