{"HostConfigHash":"4307737","CardHash":"58cd2e6","Error":null}