{"HostConfigHash":"c55abdf","CardHash":"58cd2e6","Error":null}