{"HostConfigHash":"c55abdf","CardHash":"1076b7f","Error":null}