{"HostConfigHash":"c55abdf","CardHash":"804de83","Error":null}