{"HostConfigHash":"4307737","CardHash":"f88eadd","Error":null}