{"HostConfigHash":"c55abdf","CardHash":"727ee34","Error":null}