{"HostConfigHash":"c55abdf","CardHash":"faaccb2","Error":null}