{"HostConfigHash":"c55abdf","CardHash":"37621d4","Error":null}