{"HostConfigHash":"c55abdf","CardHash":"0dca9ae","Error":null}