{"HostConfigHash":"4307737","CardHash":"c4a8f0e","Error":null}