{"HostConfigHash":"8451742","CardHash":"3170bf4","Error":null}