{"HostConfigHash":"8451742","CardHash":"f30952c","Error":null}