{"HostConfigHash":"8451742","CardHash":"d1c4705","Error":null}