{"HostConfigHash":"8451742","CardHash":"8d9f2c6","Error":null}