{"HostConfigHash":"8451742","CardHash":"396a329","Error":null}