{"HostConfigHash":"8451742","CardHash":"3c58b35","Error":null}