{"HostConfigHash":"d27c6d5","CardHash":"8d9f2c6","Error":null}