{"HostConfigHash":"d27c6d5","CardHash":"58d8447","Error":null}