{"HostConfigHash":"d27c6d5","CardHash":"d48cf9b","Error":null}