{"HostConfigHash":"d27c6d5","CardHash":"58cd2e6","Error":null}