{"HostConfigHash":"2a972a2","CardHash":"3170bf4","Error":null}