{"HostConfigHash":"2a972a2","CardHash":"f88eadd","Error":null}