{"HostConfigHash":"bc42010","CardHash":"d9ec305","Error":null}