{"HostConfigHash":"2a972a2","CardHash":"b6cee2b","Error":null}