{
	"$schema": "http://adaptivecards.io/schemas/adaptive-card.json",
	"type": "AdaptiveCard",
	"version": "1.2",
	"body": [
		{
			"type": "RichTextBlock",
			"wrap": true,
			"paragraphs": [
				{
					"inlines": [
						{
							"type": "TextRun",
							"text": "Highlights:",
							"size": "large"
						}
					]
				},
				{
					"inlines": [
						{
							"type": "TextRun",
							"text": "Here is some text! "
						},
						{
							"type": "TextRun",
							"text": "Part of it is highlighted!",
							"highlight": true
						},
						{
							"type": "TextRun",
							"text": " "
						},
						{
							"type": "TextRun",
							"text": "Subtle highlight!",
							"isSubtle": true,
							"highlight": true
						},
						{
							"type": "TextRun",
							"text": " "
						},
						{
							"type": "TextRun",
							"text": "Good highlight!",
							"color": "Good",
							"highlight": true
						}
					]
				},
				{},
				{
					"inlines": [
						{
							"type": "TextRun",
							"text": "Highlights on links: ",
							"size": "large"
						}
					]
				},
				{
					"inlines": [
						{
							"type": "TextRun",
							"text": "Here's a link: [Adaptive Cards](http://adaptivecards.io). "
						},
						{
							"type": "TextRun",
							"text": "Here's one that's highlighted: "
						},
						{
							"type": "TextRun",
							"text": "[Adaptive Cards](http://adaptivecards.io)",
							"highlight": true
						},
						{
							"type": "TextRun",
							"text": ". Here's an inline action: "
						},
						{
							"type": "TextRun",
							"text": "Submit",
							"selectAction": {
								"type": "Action.Submit"
							}
						},
						{
							"type": "TextRun",
							"text": "! Here's one that's highlighted: "
						},
						{
							"type": "TextRun",
							"text": "Submit!",
							"highlight": true,
							"selectAction": {
								"type": "Action.Submit"
							}
						}
					]
				},
				{},
				{
					"inlines": [
						{
							"type": "TextRun",
							"text": "Highlights on lists:",
							"size": "large"
						}
					]
				},
				{
					"inlines": [
						{
							"type": "TextRun",
							"text": "- Bullet \r- List \r"
						},
						{
							"type": "TextRun",
							"text": "1. Numbered\r2. List\r"
						},
						{
							"type": "TextRun",
							"text": "- Highlight \r- Bullet \r- List \r",
							"highlight": true
						},
						{
							"type": "TextRun",
							"text": "1. Highlight\r2. Numbered\r3. List\r",
							"highlight": true
						}
					]
				}
			]
		},
		{
			"type": "TextBlock",
			"text": "Highlights with colors and containers:",
			"size": "Large",
			"wrap": true
		},
		{
			"type": "Container",
			"style": "default",
			"items": [
				{
					"type": "RichTextBlock",
					"wrap": true,
					"paragraphs": [
						{
							"inlines": [
								{
									"type": "TextRun",
									"text": "**Default Container:** "
								}
							]
						},
						{
							"inlines": [
								{
									"type": "TextRun",
									"text": "Default ",
									"highlight": true
								},
								{
									"type": "TextRun",
									"text": "(Subtle) ",
									"highlight": true,
									"isSubtle": true
								},
								{
									"type": "TextRun",
									"text": "Accent ",
									"color": "accent",
									"highlight": true
								},
								{
									"type": "TextRun",
									"text": "(Subtle) ",
									"color": "accent",
									"highlight": true,
									"isSubtle": true
								},
								{
									"type": "TextRun",
									"text": "Good ",
									"color": "good",
									"highlight": true
								},
								{
									"type": "TextRun",
									"text": "(Subtle) ",
									"color": "good",
									"highlight": true,
									"isSubtle": true
								},
								{
									"type": "TextRun",
									"text": "Warning ",
									"color": "warning",
									"highlight": true
								},
								{
									"type": "TextRun",
									"text": "(Subtle) ",
									"color": "warning",
									"highlight": true,
									"isSubtle": true
								},
								{
									"type": "TextRun",
									"text": "Attention ",
									"color": "attention",
									"highlight": true
								},
								{
									"type": "TextRun",
									"text": "(Subtle) ",
									"color": "attention",
									"highlight": true,
									"isSubtle": true
								},
								{
									"type": "TextRun",
									"text": "Dark ",
									"color": "dark",
									"highlight": true
								},
								{
									"type": "TextRun",
									"text": "(Subtle) ",
									"color": "dark",
									"highlight": true,
									"isSubtle": true
								},
								{
									"type": "TextRun",
									"text": "Light ",
									"color": "light",
									"highlight": true
								},
								{
									"type": "TextRun",
									"text": "(Subtle) ",
									"color": "light",
									"highlight": true,
									"isSubtle": true
								}
							]
						}
					]
				}
			]
		},
		{
			"type": "Container",
			"style": "emphasis",
			"items": [
				{
					"type": "RichTextBlock",
					"wrap": true,
					"paragraphs": [
						{
							"inlines": [
								{
									"type": "TextRun",
									"text": "**Emphasis Container:** "
								}
							]
						},
						{
							"inlines": [
								{
									"type": "TextRun",
									"text": "Default ",
									"highlight": true
								},
								{
									"type": "TextRun",
									"text": "(Subtle) ",
									"highlight": true,
									"isSubtle": true
								},
								{
									"type": "TextRun",
									"text": "Accent ",
									"color": "accent",
									"highlight": true
								},
								{
									"type": "TextRun",
									"text": "(Subtle) ",
									"color": "accent",
									"highlight": true,
									"isSubtle": true
								},
								{
									"type": "TextRun",
									"text": "Good ",
									"color": "good",
									"highlight": true
								},
								{
									"type": "TextRun",
									"text": "(Subtle) ",
									"color": "good",
									"highlight": true,
									"isSubtle": true
								},
								{
									"type": "TextRun",
									"text": "Warning ",
									"color": "warning",
									"highlight": true
								},
								{
									"type": "TextRun",
									"text": "(Subtle) ",
									"color": "warning",
									"highlight": true,
									"isSubtle": true
								},
								{
									"type": "TextRun",
									"text": "Attention ",
									"color": "attention",
									"highlight": true
								},
								{
									"type": "TextRun",
									"text": "(Subtle) ",
									"color": "attention",
									"highlight": true,
									"isSubtle": true
								},
								{
									"type": "TextRun",
									"text": "Dark ",
									"color": "dark",
									"highlight": true
								},
								{
									"type": "TextRun",
									"text": "(Subtle) ",
									"color": "dark",
									"highlight": true,
									"isSubtle": true
								},
								{
									"type": "TextRun",
									"text": "Light ",
									"color": "light",
									"highlight": true
								},
								{
									"type": "TextRun",
									"text": "(Subtle) ",
									"color": "light",
									"highlight": true,
									"isSubtle": true
								}
							]
						}
					]
				}
			]
		},
		{
			"type": "Container",
			"style": "good",
			"items": [
				{
					"type": "RichTextBlock",
					"wrap": true,
					"paragraphs": [

						{
							"inlines": [
								{
									"type": "TextRun",
									"text": "**Good Container:** "
								}
							]
						},
						{
							"inlines": [
								{
									"type": "TextRun",
									"text": "Default ",
									"highlight": true
								},
								{
									"type": "TextRun",
									"text": "(Subtle) ",
									"highlight": true,
									"isSubtle": true
								},
								{
									"type": "TextRun",
									"text": "Accent ",
									"color": "accent",
									"highlight": true
								},
								{
									"type": "TextRun",
									"text": "(Subtle) ",
									"color": "accent",
									"highlight": true,
									"isSubtle": true
								},
								{
									"type": "TextRun",
									"text": "Good ",
									"color": "good",
									"highlight": true
								},
								{
									"type": "TextRun",
									"text": "(Subtle) ",
									"color": "good",
									"highlight": true,
									"isSubtle": true
								},
								{
									"type": "TextRun",
									"text": "Warning ",
									"color": "warning",
									"highlight": true
								},
								{
									"type": "TextRun",
									"text": "(Subtle) ",
									"color": "warning",
									"highlight": true,
									"isSubtle": true
								},
								{
									"type": "TextRun",
									"text": "Attention ",
									"color": "attention",
									"highlight": true
								},
								{
									"type": "TextRun",
									"text": "(Subtle) ",
									"color": "attention",
									"highlight": true,
									"isSubtle": true
								},
								{
									"type": "TextRun",
									"text": "Dark ",
									"color": "dark",
									"highlight": true
								},
								{
									"type": "TextRun",
									"text": "(Subtle) ",
									"color": "dark",
									"highlight": true,
									"isSubtle": true
								},
								{
									"type": "TextRun",
									"text": "Light ",
									"color": "light",
									"highlight": true
								},
								{
									"type": "TextRun",
									"text": "(Subtle) ",
									"color": "light",
									"highlight": true,
									"isSubtle": true
								}
							]
						}
					]
				}
			]
		},
		{
			"type": "Container",
			"style": "attention",
			"items": [
				{
					"type": "RichTextBlock",
					"wrap": true,
					"paragraphs": [
						{

							"inlines": [
								{
									"type": "TextRun",
									"text": "**Attention Container:** "
								}
							]
						},
						{
							"inlines": [
								{
									"type": "TextRun",
									"text": "Default ",
									"highlight": true
								},
								{
									"type": "TextRun",
									"text": "(Subtle) ",
									"highlight": true,
									"isSubtle": true
								},
								{
									"type": "TextRun",
									"text": "Accent ",
									"color": "accent",
									"highlight": true
								},
								{
									"type": "TextRun",
									"text": "(Subtle) ",
									"color": "accent",
									"highlight": true,
									"isSubtle": true
								},
								{
									"type": "TextRun",
									"text": "Good ",
									"color": "good",
									"highlight": true
								},
								{
									"type": "TextRun",
									"text": "(Subtle) ",
									"color": "good",
									"highlight": true,
									"isSubtle": true
								},
								{
									"type": "TextRun",
									"text": "Warning ",
									"color": "warning",
									"highlight": true
								},
								{
									"type": "TextRun",
									"text": "(Subtle) ",
									"color": "warning",
									"highlight": true,
									"isSubtle": true
								},
								{
									"type": "TextRun",
									"text": "Attention ",
									"color": "attention",
									"highlight": true
								},
								{
									"type": "TextRun",
									"text": "(Subtle) ",
									"color": "attention",
									"highlight": true,
									"isSubtle": true
								},
								{
									"type": "TextRun",
									"text": "Dark ",
									"color": "dark",
									"highlight": true
								},
								{
									"type": "TextRun",
									"text": "(Subtle) ",
									"color": "dark",
									"highlight": true,
									"isSubtle": true
								},
								{
									"type": "TextRun",
									"text": "Light ",
									"color": "light",
									"highlight": true
								},
								{
									"type": "TextRun",
									"text": "(Subtle) ",
									"color": "light",
									"highlight": true,
									"isSubtle": true
								}
							]
						}
					]
				}
			]
		},
		{
			"type": "Container",
			"style": "warning",
			"items": [
				{
					"type": "RichTextBlock",
					"wrap": true,
					"paragraphs": [
						{

							"inlines": [
								{
									"type": "TextRun",
									"text": "**Warning Container:** "
								}
							]
						},
						{
							"inlines": [
								{
									"type": "TextRun",
									"text": "Default ",
									"highlight": true
								},
								{
									"type": "TextRun",
									"text": "(Subtle) ",
									"highlight": true,
									"isSubtle": true
								},
								{
									"type": "TextRun",
									"text": "Accent ",
									"color": "accent",
									"highlight": true
								},
								{
									"type": "TextRun",
									"text": "(Subtle) ",
									"color": "accent",
									"highlight": true,
									"isSubtle": true
								},
								{
									"type": "TextRun",
									"text": "Good ",
									"color": "good",
									"highlight": true
								},
								{
									"type": "TextRun",
									"text": "(Subtle) ",
									"color": "good",
									"highlight": true,
									"isSubtle": true
								},
								{
									"type": "TextRun",
									"text": "Warning ",
									"color": "warning",
									"highlight": true
								},
								{
									"type": "TextRun",
									"text": "(Subtle) ",
									"color": "warning",
									"highlight": true,
									"isSubtle": true
								},
								{
									"type": "TextRun",
									"text": "Attention ",
									"color": "attention",
									"highlight": true
								},
								{
									"type": "TextRun",
									"text": "(Subtle) ",
									"color": "attention",
									"highlight": true,
									"isSubtle": true
								},
								{
									"type": "TextRun",
									"text": "Dark ",
									"color": "dark",
									"highlight": true
								},
								{
									"type": "TextRun",
									"text": "(Subtle) ",
									"color": "dark",
									"highlight": true,
									"isSubtle": true
								},
								{
									"type": "TextRun",
									"text": "Light ",
									"color": "light",
									"highlight": true
								},
								{
									"type": "TextRun",
									"text": "(Subtle) ",
									"color": "light",
									"highlight": true,
									"isSubtle": true
								}
							]
						}
					]
				}
			]
		},
		{
			"type": "Container",
			"style": "accent",
			"items": [
				{
					"type": "RichTextBlock",
					"wrap": true,
					"paragraphs": [
						{
							"inlines": [
								{
									"type": "TextRun",
									"text": "**Accent Container:** "
								}
							]
						},
						{
							"inlines": [
								{
									"type": "TextRun",
									"text": "Default ",
									"highlight": true
								},
								{
									"type": "TextRun",
									"text": "(Subtle) ",
									"highlight": true,
									"isSubtle": true
								},
								{
									"type": "TextRun",
									"text": "Accent ",
									"color": "accent",
									"highlight": true
								},
								{
									"type": "TextRun",
									"text": "(Subtle) ",
									"color": "accent",
									"highlight": true,
									"isSubtle": true
								},
								{
									"type": "TextRun",
									"text": "Good ",
									"color": "good",
									"highlight": true
								},
								{
									"type": "TextRun",
									"text": "(Subtle) ",
									"color": "good",
									"highlight": true,
									"isSubtle": true
								},
								{
									"type": "TextRun",
									"text": "Warning ",
									"color": "warning",
									"highlight": true
								},
								{
									"type": "TextRun",
									"text": "(Subtle) ",
									"color": "warning",
									"highlight": true,
									"isSubtle": true
								},
								{
									"type": "TextRun",
									"text": "Attention ",
									"color": "attention",
									"highlight": true
								},
								{
									"type": "TextRun",
									"text": "(Subtle) ",
									"color": "attention",
									"highlight": true,
									"isSubtle": true
								},
								{
									"type": "TextRun",
									"text": "Dark ",
									"color": "dark",
									"highlight": true
								},
								{
									"type": "TextRun",
									"text": "(Subtle) ",
									"color": "dark",
									"highlight": true,
									"isSubtle": true
								},
								{
									"type": "TextRun",
									"text": "Light ",
									"color": "light",
									"highlight": true
								},
								{
									"type": "TextRun",
									"text": "(Subtle) ",
									"color": "light",
									"highlight": true,
									"isSubtle": true
								}
							]
						}
					]
				}
			]
		}
	]
}
